©обак@SID|Молодцов Александр Германович|8 октября 1984г.|г.Москва, ст.м.Юго-западная|118817003|asid@mail.ru|http://mesto.h14.ru|sid.JPG|
Белый крОлик|Зыкова Олька Валентиновка|18 мая 1986 года|Москва, Внуково|175573226|moon-flower@list.ru|http://spaces.msn.com/moon-flower86|olka1.jpg|
Ashli|Ирина Анатольевна|29 сентября 1969г.|г.Москва, ст.м.Перово|108458906|wamppi@yandex.ru||ashli_s.JPG|
Bezzzmen|Дмитрий|13 октября 1978г.|г.Москва, ст.м.Перово|109078883|dimon_u@pisem.net||bezzzmen1_s.jpg|
Black Cat|Горина Галина Юрьевна|16 июля 1986г.|Дмитровское шоссе 41|173181201|helen3000@mtu-net.ru||kisa.jpg|
Citron|Кузнецов Александр Александрович|10 явнваря 1985г|Москва, Ленинский пр. д123|173181201|citron666@yandex.ru||CITRON_S.JPG|
Glip|Денис|14 фервраля 1983г.|Там где клева, но не всегда|131413253|glip@ua.fm|http://glip-drug.narod.ru|glip.JPG|
ione|Смирнов Николай Анатольевич|11 марта 1985г|Москва ст.м."Петровско-Разумовская"|127154944|itry@yandex.ru||IONE.JPG|
Jalozy Jay|Локтионов Алексей Александрович|3 сентября 1978г|Москва, Митино|108426939|jalozy-jay@mit8.ru|http://www.mit8.ru/~jalozy-jay|jalozy1_s.jpg|
Kenshin|Князев Вечеслав Александрович|8 ноября 1983г|Владивосток|155291003|slava@fesco.ru|http://kenshin1.narod.ru/|KENSHIN1.JPG|
LEV|Катерина|?|Москва|162100373|lev-bigkisa@mail.ru||LEV.JPG|
Marcy|Елена|2 апреля 1972г|Тюмень|118789651|aries_M@rambler.ru||MARCY1.JPG|
Ms LuLa|Виктория Викторовна Гребенникова|1 февраля 1988г|Екатеринбург|146733528d|vichka72001@mail.ru|http://lilali.narod.ru/|LULA1.JPG|
Princess Anastasia|Анастасия (Фамилию и Очество скрывает)|скрывает| (в России) Москва, ст.м. "Новогиреево" (в USA) Штат Нью-Йорк|114381841|heavenly-angel@narod.ru|http://heavenly-angel.narod.ru/|princess2.jpg|
Strekoza|Колосова Анна Олеговна|13 октября 1986 года|Севастополь, ул. Геловани|213051388|мыла_нету_пока||
Teeny Jay|Алена Егоровна Фролова|17 июля 1986г.|Россия, Москва, ст.м."Аэропорт"|119788226|six_sense@mail.ru||ALENA3.jpg|
Well|Кулаков Владимир Леонидович|28 апреля 1980г|Россия, г.Пушкино М.О.|154006927|wellgiraffe@yandex.ru||well.jpg|
ВафлЯндия|Анастасия|21 декабря 1981 года|Где-то в Москве, ЦАО ....набережная.|anfissa@mail.ru|||VAFLYA_S.JPG|
Добрый Пес|Орлов Константин Владимирович|11 июля 1980г|Москва, ст.м.Щёлковская|15925782|kindpes@yandex.ru|http://kindpes.by.ru|PES.JPG|
Любимец Девчонок| Андрей Андреевич|?|Москва|160339833|driver_art@mail.ru||LD1_S.JPG|
Синяк|Слободян Максим|27 сентября 1983 г.|Универская общага|112430597|sam-max@rambler.ru||SINYAK.JPG|
Бегущая по волнам|Федосеева Татьяна Викторовна|4 декабря 1985г|Москва, м.Таганская|139495797|liluangel@yandex.ru||tanya12_s.jpg|
Хранительница Снов|Юля|9 июня 1984г|Канада, Ванкувер|119104496|dreams_keeper@hotmail.com||eithery.jpg|